MPLINK 5.08, LINKER
Linker Map File - Created Mon Sep 12 09:21:23 2016

                                 Section Info
                  Section       Type    Address   Location Size(Bytes)
                ---------  ---------  ---------  ---------  ---------
                   .org_0       code   0x000000    program   0x0000d6
                   .cinit    romdata   0x00006b    program   0x000004



                              Program Memory Usage 
                               Start         End      
                           ---------   ---------      
                            0x000000    0x00006c      
            109 out of 4359 program addresses used, program memory utilization is 2%



                              Symbols - Sorted by Name
                     Name    Address   Location    Storage File                     
                ---------  ---------  ---------  --------- ---------                
       CalculateFrequency   0x00001b    program     static C:\Users\Admin\Documents\MPLABX\Projects\Embedded-Sysystems\PIC Interface.X\source.asm
         CalculateVoltage   0x000027    program     static C:\Users\Admin\Documents\MPLABX\Projects\Embedded-Sysystems\PIC Interface.X\source.asm
              One_S_Delay   0x00005a    program     static C:\Users\Admin\Documents\MPLABX\Projects\Embedded-Sysystems\PIC Interface.X\source.asm
                  PCComms   0x00003a    program     static C:\Users\Admin\Documents\MPLABX\Projects\Embedded-Sysystems\PIC Interface.X\source.asm
               PollPIR1_1   0x000041    program     static C:\Users\Admin\Documents\MPLABX\Projects\Embedded-Sysystems\PIC Interface.X\source.asm
               PollPIR1_2   0x000045    program     static C:\Users\Admin\Documents\MPLABX\Projects\Embedded-Sysystems\PIC Interface.X\source.asm
               PollPIR1_3   0x000049    program     static C:\Users\Admin\Documents\MPLABX\Projects\Embedded-Sysystems\PIC Interface.X\source.asm
               PollPIR1_4   0x00004d    program     static C:\Users\Admin\Documents\MPLABX\Projects\Embedded-Sysystems\PIC Interface.X\source.asm
               SampleTime   0x000053    program     static C:\Users\Admin\Documents\MPLABX\Projects\Embedded-Sysystems\PIC Interface.X\source.asm
                    Setup   0x000001    program     static C:\Users\Admin\Documents\MPLABX\Projects\Embedded-Sysystems\PIC Interface.X\source.asm
              StartTimer1   0x00001c    program     static C:\Users\Admin\Documents\MPLABX\Projects\Embedded-Sysystems\PIC Interface.X\source.asm
              Start_Delay   0x000060    program     static C:\Users\Admin\Documents\MPLABX\Projects\Embedded-Sysystems\PIC Interface.X\source.asm
               StopTimer1   0x000021    program     static C:\Users\Admin\Documents\MPLABX\Projects\Embedded-Sysystems\PIC Interface.X\source.asm
             _.org_0_0030   0x000030    program     static C:\Users\Admin\Documents\MPLABX\Projects\Embedded-Sysystems\PIC Interface.X\source.asm



                              Symbols - Sorted by Address
                     Name    Address   Location    Storage File                     
                ---------  ---------  ---------  --------- ---------                
                    Setup   0x000001    program     static C:\Users\Admin\Documents\MPLABX\Projects\Embedded-Sysystems\PIC Interface.X\source.asm
       CalculateFrequency   0x00001b    program     static C:\Users\Admin\Documents\MPLABX\Projects\Embedded-Sysystems\PIC Interface.X\source.asm
              StartTimer1   0x00001c    program     static C:\Users\Admin\Documents\MPLABX\Projects\Embedded-Sysystems\PIC Interface.X\source.asm
               StopTimer1   0x000021    program     static C:\Users\Admin\Documents\MPLABX\Projects\Embedded-Sysystems\PIC Interface.X\source.asm
         CalculateVoltage   0x000027    program     static C:\Users\Admin\Documents\MPLABX\Projects\Embedded-Sysystems\PIC Interface.X\source.asm
             _.org_0_0030   0x000030    program     static C:\Users\Admin\Documents\MPLABX\Projects\Embedded-Sysystems\PIC Interface.X\source.asm
                  PCComms   0x00003a    program     static C:\Users\Admin\Documents\MPLABX\Projects\Embedded-Sysystems\PIC Interface.X\source.asm
               PollPIR1_1   0x000041    program     static C:\Users\Admin\Documents\MPLABX\Projects\Embedded-Sysystems\PIC Interface.X\source.asm
               PollPIR1_2   0x000045    program     static C:\Users\Admin\Documents\MPLABX\Projects\Embedded-Sysystems\PIC Interface.X\source.asm
               PollPIR1_3   0x000049    program     static C:\Users\Admin\Documents\MPLABX\Projects\Embedded-Sysystems\PIC Interface.X\source.asm
               PollPIR1_4   0x00004d    program     static C:\Users\Admin\Documents\MPLABX\Projects\Embedded-Sysystems\PIC Interface.X\source.asm
               SampleTime   0x000053    program     static C:\Users\Admin\Documents\MPLABX\Projects\Embedded-Sysystems\PIC Interface.X\source.asm
              One_S_Delay   0x00005a    program     static C:\Users\Admin\Documents\MPLABX\Projects\Embedded-Sysystems\PIC Interface.X\source.asm
              Start_Delay   0x000060    program     static C:\Users\Admin\Documents\MPLABX\Projects\Embedded-Sysystems\PIC Interface.X\source.asm


