MPLINK 5.08, LINKER
Linker Map File - Created Sat Sep 03 00:15:23 2016

                                 Section Info
                  Section       Type    Address   Location Size(Bytes)
                ---------  ---------  ---------  ---------  ---------
                   .org_0       code   0x000000    program   0x00001c
                   .cinit    romdata   0x00000e    program   0x000004



                              Program Memory Usage 
                               Start         End      
                           ---------   ---------      
                            0x000000    0x00000f      
            16 out of 4359 program addresses used, program memory utilization is 0%



                              Symbols - Sorted by Name
                     Name    Address   Location    Storage File                     
                ---------  ---------  ---------  --------- ---------                
       CalculateFrequency   0x000006    program     static C:\Users\Admin\Documents\MPLABX\Projects\Embedded-Sysystems\PIC Interface.X\source.asm
         CalculateVoltage   0x00000e    program     static C:\Users\Admin\Documents\MPLABX\Projects\Embedded-Sysystems\PIC Interface.X\source.asm
                    Setup   0x000001    program     static C:\Users\Admin\Documents\MPLABX\Projects\Embedded-Sysystems\PIC Interface.X\source.asm
              StartTimer1   0x000006    program     static C:\Users\Admin\Documents\MPLABX\Projects\Embedded-Sysystems\PIC Interface.X\source.asm
              StopTTimer1   0x000008    program     static C:\Users\Admin\Documents\MPLABX\Projects\Embedded-Sysystems\PIC Interface.X\source.asm



                              Symbols - Sorted by Address
                     Name    Address   Location    Storage File                     
                ---------  ---------  ---------  --------- ---------                
                    Setup   0x000001    program     static C:\Users\Admin\Documents\MPLABX\Projects\Embedded-Sysystems\PIC Interface.X\source.asm
       CalculateFrequency   0x000006    program     static C:\Users\Admin\Documents\MPLABX\Projects\Embedded-Sysystems\PIC Interface.X\source.asm
              StartTimer1   0x000006    program     static C:\Users\Admin\Documents\MPLABX\Projects\Embedded-Sysystems\PIC Interface.X\source.asm
              StopTTimer1   0x000008    program     static C:\Users\Admin\Documents\MPLABX\Projects\Embedded-Sysystems\PIC Interface.X\source.asm
         CalculateVoltage   0x00000e    program     static C:\Users\Admin\Documents\MPLABX\Projects\Embedded-Sysystems\PIC Interface.X\source.asm


