MPLINK 5.08, LINKER
Linker Map File - Created Tue Sep 13 13:15:43 2016

                                 Section Info
                  Section       Type    Address   Location Size(Bytes)
                ---------  ---------  ---------  ---------  ---------
                   .org_0       code   0x000000    program   0x0000ea
                   .cinit    romdata   0x000075    program   0x000004
.config_2007_BUILD/DEFAULT/DEBUG/SOURCE.O       code   0x002007    program   0x000002



                              Program Memory Usage 
                               Start         End      
                           ---------   ---------      
                            0x000000    0x000076      
                            0x002007    0x002007      
            120 out of 4359 program addresses used, program memory utilization is 2%



                              Symbols - Sorted by Name
                     Name    Address   Location    Storage File                     
                ---------  ---------  ---------  --------- ---------                
       CalculateFrequency   0x000021    program     static C:\Users\Admin\Documents\MPLABX\Projects\Embedded-Sysystems\PIC Interface.X\source.asm
         CalculateVoltage   0x00002e    program     static C:\Users\Admin\Documents\MPLABX\Projects\Embedded-Sysystems\PIC Interface.X\source.asm
                 MainLoop   0x00001d    program     static C:\Users\Admin\Documents\MPLABX\Projects\Embedded-Sysystems\PIC Interface.X\source.asm
              One_S_Delay   0x000064    program     static C:\Users\Admin\Documents\MPLABX\Projects\Embedded-Sysystems\PIC Interface.X\source.asm
                  PCComms   0x000041    program     static C:\Users\Admin\Documents\MPLABX\Projects\Embedded-Sysystems\PIC Interface.X\source.asm
               PollPIR1_1   0x000048    program     static C:\Users\Admin\Documents\MPLABX\Projects\Embedded-Sysystems\PIC Interface.X\source.asm
               PollPIR1_2   0x00004c    program     static C:\Users\Admin\Documents\MPLABX\Projects\Embedded-Sysystems\PIC Interface.X\source.asm
               PollPIR1_3   0x000050    program     static C:\Users\Admin\Documents\MPLABX\Projects\Embedded-Sysystems\PIC Interface.X\source.asm
               PollPIR1_4   0x000054    program     static C:\Users\Admin\Documents\MPLABX\Projects\Embedded-Sysystems\PIC Interface.X\source.asm
               SampleTime   0x00005d    program     static C:\Users\Admin\Documents\MPLABX\Projects\Embedded-Sysystems\PIC Interface.X\source.asm
                    Setup   0x000001    program     static C:\Users\Admin\Documents\MPLABX\Projects\Embedded-Sysystems\PIC Interface.X\source.asm
              StartTimer1   0x000023    program     static C:\Users\Admin\Documents\MPLABX\Projects\Embedded-Sysystems\PIC Interface.X\source.asm
              Start_Delay   0x00006a    program     static C:\Users\Admin\Documents\MPLABX\Projects\Embedded-Sysystems\PIC Interface.X\source.asm
               StopTimer1   0x000028    program     static C:\Users\Admin\Documents\MPLABX\Projects\Embedded-Sysystems\PIC Interface.X\source.asm
             _.org_0_0037   0x000037    program     static C:\Users\Admin\Documents\MPLABX\Projects\Embedded-Sysystems\PIC Interface.X\source.asm



                              Symbols - Sorted by Address
                     Name    Address   Location    Storage File                     
                ---------  ---------  ---------  --------- ---------                
                    Setup   0x000001    program     static C:\Users\Admin\Documents\MPLABX\Projects\Embedded-Sysystems\PIC Interface.X\source.asm
                 MainLoop   0x00001d    program     static C:\Users\Admin\Documents\MPLABX\Projects\Embedded-Sysystems\PIC Interface.X\source.asm
       CalculateFrequency   0x000021    program     static C:\Users\Admin\Documents\MPLABX\Projects\Embedded-Sysystems\PIC Interface.X\source.asm
              StartTimer1   0x000023    program     static C:\Users\Admin\Documents\MPLABX\Projects\Embedded-Sysystems\PIC Interface.X\source.asm
               StopTimer1   0x000028    program     static C:\Users\Admin\Documents\MPLABX\Projects\Embedded-Sysystems\PIC Interface.X\source.asm
         CalculateVoltage   0x00002e    program     static C:\Users\Admin\Documents\MPLABX\Projects\Embedded-Sysystems\PIC Interface.X\source.asm
             _.org_0_0037   0x000037    program     static C:\Users\Admin\Documents\MPLABX\Projects\Embedded-Sysystems\PIC Interface.X\source.asm
                  PCComms   0x000041    program     static C:\Users\Admin\Documents\MPLABX\Projects\Embedded-Sysystems\PIC Interface.X\source.asm
               PollPIR1_1   0x000048    program     static C:\Users\Admin\Documents\MPLABX\Projects\Embedded-Sysystems\PIC Interface.X\source.asm
               PollPIR1_2   0x00004c    program     static C:\Users\Admin\Documents\MPLABX\Projects\Embedded-Sysystems\PIC Interface.X\source.asm
               PollPIR1_3   0x000050    program     static C:\Users\Admin\Documents\MPLABX\Projects\Embedded-Sysystems\PIC Interface.X\source.asm
               PollPIR1_4   0x000054    program     static C:\Users\Admin\Documents\MPLABX\Projects\Embedded-Sysystems\PIC Interface.X\source.asm
               SampleTime   0x00005d    program     static C:\Users\Admin\Documents\MPLABX\Projects\Embedded-Sysystems\PIC Interface.X\source.asm
              One_S_Delay   0x000064    program     static C:\Users\Admin\Documents\MPLABX\Projects\Embedded-Sysystems\PIC Interface.X\source.asm
              Start_Delay   0x00006a    program     static C:\Users\Admin\Documents\MPLABX\Projects\Embedded-Sysystems\PIC Interface.X\source.asm


